#
# An unexpected error has occurred (6) Aborted
#
Stack:
/lib/x86_64-linux-gnu/libc.so.6(+0x45330) [0x79ce5e245330]
/lib/x86_64-linux-gnu/libc.so.6(pthread_kill+0x11c) [0x79ce5e29eb2c]
/lib/x86_64-linux-gnu/libc.so.6(gsignal+0x1e) [0x79ce5e24527e]
/lib/x86_64-linux-gnu/libc.so.6(abort+0xdf) [0x79ce5e2288ff]
/opt/xilinx/2025.2/Vivado/lib/lnx64.o/Ubuntu/24/libstdc++.so.6(+0xa5ff5) [0x79ce5eaa5ff5]
/opt/xilinx/2025.2/Vivado/lib/lnx64.o/Ubuntu/24/libstdc++.so.6(+0xbb0da) [0x79ce5eabb0da]
/opt/xilinx/2025.2/Vivado/lib/lnx64.o/Ubuntu/24/libstdc++.so.6(_ZSt10unexpectedv+0) [0x79ce5eaa5a55]
/opt/xilinx/2025.2/Vivado/lib/lnx64.o/libxv_common.so(hdi::tcltasks::detail::collection_wrapper_base::~collection_wrapper_base()+0x27f) [0x79ce699ff6f5]
/opt/xilinx/2025.2/Vivado/lib/lnx64.o/libxv_common.so(+0x5167f5) [0x79ce699167f5]
/opt/xilinx/2025.2/Vivado/lib/lnx64.o/libxv_common.so(hdi::tcltasks::detail::collection_wrapper_base::decr_ref() const+0x27) [0x79ce699fc7db]
/opt/xilinx/2025.2/Vivado/lib/lnx64.o/libxv_tcltasks.so(+0x1109b28) [0x79ce58109b28]
/opt/xilinx/2025.2/Vivado/lib/lnx64.o/libxv_tcltasks.so(+0x11040e2) [0x79ce581040e2]
/opt/xilinx/2025.2/Vivado/lib/lnx64.o/libxv_tcltasks.so(+0x1104131) [0x79ce58104131]
/opt/xilinx/2025.2/Vivado/lib/lnx64.o/libboost_program_options.so.1.72.0(boost::program_options::option_description::~option_description()+0xd1) [0x79ce69374be1]
/opt/xilinx/2025.2/Vivado/lib/lnx64.o/libboost_program_options.so.1.72.0(boost::program_options::option_description::~option_description()+0x11) [0x79ce69374c31]
/opt/xilinx/2025.2/Vivado/lib/lnx64.o/libxv_common.so(boost::detail::sp_counted_impl_p<boost::program_options::option_description>::dispose()+0x13) [0x79ce69cf3d3b]
/opt/xilinx/2025.2/Vivado/lib/lnx64.o/libxv_common.so(+0x42fc24) [0x79ce6982fc24]
/opt/xilinx/2025.2/Vivado/lib/lnx64.o/libxv_common.so(hdi::tcltasks::options_description::~options_description()+0xe1) [0x79ce69da9bb3]
/lib/x86_64-linux-gnu/libc.so.6(+0x47a76) [0x79ce5e247a76]
/lib/x86_64-linux-gnu/libc.so.6(+0x47bbe) [0x79ce5e247bbe]
/opt/xilinx/2025.2/Vivado/tps/lnx64/jre21.0.5_11/lib//server/libjvm.so(+0xd12f09) [0x79ce1ad12f09]
/opt/xilinx/2025.2/Vivado/tps/lnx64/jre21.0.5_11/lib//server/libjvm.so(+0x91064f) [0x79ce1a91064f]
/opt/xilinx/2025.2/Vivado/tps/lnx64/jre21.0.5_11/lib//server/libjvm.so(+0x1012267) [0x79ce1b012267]
/opt/xilinx/2025.2/Vivado/tps/lnx64/jre21.0.5_11/lib//server/libjvm.so(+0x10156df) [0x79ce1b0156df]
/opt/xilinx/2025.2/Vivado/tps/lnx64/jre21.0.5_11/lib//server/libjvm.so(+0x1016467) [0x79ce1b016467]
/opt/xilinx/2025.2/Vivado/tps/lnx64/jre21.0.5_11/lib//server/libjvm.so(+0x1016767) [0x79ce1b016767]
/opt/xilinx/2025.2/Vivado/tps/lnx64/jre21.0.5_11/lib//server/libjvm.so(+0xf7eeb8) [0x79ce1af7eeb8]
/opt/xilinx/2025.2/Vivado/tps/lnx64/jre21.0.5_11/lib//server/libjvm.so(+0xd08a8a) [0x79ce1ad08a8a]
/lib/x86_64-linux-gnu/libc.so.6(+0x9caa4) [0x79ce5e29caa4]
/lib/x86_64-linux-gnu/libc.so.6(+0x129c6c) [0x79ce5e329c6c]
